
> proman@0.2.0 build
> next build

⚠ Warning: Next.js inferred your workspace root, but it may not be correct.
 We detected multiple lockfiles and selected the directory of C:\Users\scp_i\package-lock.json as the root directory.
 To silence this warning, set `turbopack.root` in your Next.js config, or consider removing one of the lockfiles if it's not needed.
   See https://nextjs.org/docs/app/api-reference/config/next-config-js/turbopack#root-directory for more information.
 Detected additional lockfiles: 
   * C:\Users\scp_i\.gemini\antigravity\scratch\proman\package-lock.json

▲ Next.js 16.1.1 (Turbopack)
- Environments: .env.local, .env
- Experiments (use with caution):
  · optimizePackageImports

  Creating an optimized production build ...
✓ Compiled successfully in 10.1s
  Running TypeScript ...
  Collecting page data using 11 workers ...
getAuthOptions called, DATABASE_URL: true
Using base auth options, hasDatabase: true isBuildTime: true
  Generating static pages using 11 workers (0/25) ...
  Generating static pages using 11 workers (6/25) 
  Generating static pages using 11 workers (12/25) 
  Generating static pages using 11 workers (18/25) 
Failed to build /leases/page: /leases (attempt 1 of 3) because it took more than 60 seconds. Retrying again shortly.
Failed to build /leases/page: /leases (attempt 2 of 3) because it took more than 60 seconds. Retrying again shortly.
Failed to build /leases/page: /leases after 3 attempts.
Export encountered an error on /leases/page: /leases, exiting the build.
⨯ Next.js build worker exited with code: 1 and signal: null
