node.exe : npm warn Unknown cli config "--reporter". This will stop working in 
the next major version of npm.
At C:\Program Files\nodejs\npm.ps1:29 char:3
+   & $NODE_EXE $NPM_CLI_JS $args
+   ~~~~~~~~~~~~~~~~~~~~~~~~~~~~~
    + CategoryInfo          : NotSpecified: (npm warn Unknow...version of npm. 
   :String) [], RemoteException
    + FullyQualifiedErrorId : NativeCommandError
 

> proman@1.5.5 test
> vitest run


[1m[46m RUN [49m[22m [36mv4.1.1 [39m[90mC:/Users/scp_i/proman[39m

Warning: A vi.mock("@sendgrid/mail") call in 
"C:/Users/scp_i/proman/lib/services/email/email-service.test.ts" is not at the 
top level of the module. Although it appears nested, it will be hoisted and 
executed before any tests run. Move it to the top level to reflect its actual 
execution order. This will become an error in a future version.
See: https://vitest.dev/guide/mocking/modules#how-it-works
Warning: A vi.mock("@sendgrid/mail") call in 
"C:/Users/scp_i/proman/lib/services/email/email-service.test.ts" is not at the 
top level of the module. Although it appears nested, it will be hoisted and 
executed before any tests run. Move it to the top level to reflect its actual 
execution order. This will become an error in a future version.
See: https://vitest.dev/guide/mocking/modules#how-it-works
[90mstdout[2m | lib/services/email/email-service.test.ts[2m > [22m[2mEmailService[2m > [22m[2msendTemplatedEmail succeeds when sendgrid send is mocked and logs are attempted
[22m[39mEmailService.sendEmailInternal: sendGridClient present= [33mtrue[39m sendType= function

[90mstdout[2m | lib/services/email/email-service.test.ts[2m > [22m[2mEmailService[2m > [22m[2msendTemplatedEmail succeeds when sendgrid send is mocked and logs are attempted
[22m[39mEmailService.sendEmailInternal: send result= [ { headers: { [32m'x-message-id'[39m: [32m'message-123'[39m } } ]

[90mstdout[2m | lib/services/email/email-service.test.ts[2m > [22m[2mEmailService[2m > [22m[2mhandles single response object from send and extracts message id
[22m[39mEmailService.sendEmailInternal: sendGridClient present= [33mtrue[39m sendType= function

[90mstdout[2m | lib/services/email/email-service.test.ts[2m > [22m[2mEmailService[2m > [22m[2mhandles single response object from send and extracts message id
[22m[39mEmailService.sendEmailInternal: send result= { headers: { [32m'x-message-id'[39m: [32m'single-456'[39m } }

 [32mÔ£ô[39m lib/services/email/email-service.test.ts [2m([22m[2m3 tests[22m[2m)[22m[33m 780[2mms[22m[39m
     [33m[2mÔ£ô[22m[39m isReady returns false when SENDGRID_API_KEY not set [33m 735[2mms[22m[39m
 [32mÔ£ô[39m app/api/health/health.test.ts [2m([22m[2m3 tests[22m[2m)[22m[33m 787[2mms[22m[39m
     [33m[2mÔ£ô[22m[39m exports a GET handler function [33m 779[2mms[22m[39m
 [32mÔ£ô[39m components/ui/switch.test.tsx [2m([22m[2m1 test[22m[2m)[22m[33m 626[2mms[22m[39m
     [33m[2mÔ£ô[22m[39m renders unchecked by default and toggles checked via props [33m 616[2mms[22m[39m
 [32mÔ£ô[39m components/ui/input.test.tsx [2m([22m[2m2 tests[22m[2m)[22m[33m 708[2mms[22m[39m
     [33m[2mÔ£ô[22m[39m accepts className prop [33m 593[2mms[22m[39m
 [32mÔ£ô[39m components/ui/button.test.tsx [2m([22m[2m2 tests[22m[2m)[22m[33m 721[2mms[22m[39m
     [33m[2mÔ£ô[22m[39m renders children and applies variant classes [33m 644[2mms[22m[39m
 [32mÔ£ô[39m components/ui/dialog.test.tsx [2m([22m[2m1 test[22m[2m)[22m[33m 832[2mms[22m[39m
     [33m[2mÔ£ô[22m[39m opens when trigger is clicked and shows title/description [33m 823[2mms[22m[39m
[90mstderr[2m | components/features/settings/settings-view.test.tsx[2m > 
[22m[2mSettingsView[2m > [22m[2mrenders without crashing
[22m[39mAn update to SettingsView inside a test was not wrapped in act(...).

When testing, code that causes React state updates should be wrapped into 
act(...):

act(() => {
  /* fire events that update state */
});
/* assert on the output */

This ensures that you're testing the behavior the user would see in the 
browser. Learn more at https://react.dev/link/wrap-tests-with-act
An update to SettingsView inside a test was not wrapped in act(...).

When testing, code that causes React state updates should be wrapped into 
act(...):

act(() => {
  /* fire events that update state */
});
/* assert on the output */

This ensures that you're testing the behavior the user would see in the 
browser. Learn more at https://react.dev/link/wrap-tests-with-act

[90mstderr[2m | components/features/settings/settings-view.test.tsx[2m > 
[22m[2mSettingsView[2m > [22m[2mrenders without crashing
[22m[39mAn update to SettingsView inside a test was not wrapped in act(...).

When testing, code that causes React state updates should be wrapped into 
act(...):

act(() => {
  /* fire events that update state */
});
/* assert on the output */

This ensures that you're testing the behavior the user would see in the 
browser. Learn more at https://react.dev/link/wrap-tests-with-act

[90mstderr[2m | components/features/settings/settings-view.test.tsx[2m > 
[22m[2mSettingsView[2m > [22m[2mcalls fetch on mount for initial data
[22m[39mAn update to SettingsView inside a test was not wrapped in act(...).

When testing, code that causes React state updates should be wrapped into 
act(...):

act(() => {
  /* fire events that update state */
});
/* assert on the output */

This ensures that you're testing the behavior the user would see in the 
browser. Learn more at https://react.dev/link/wrap-tests-with-act
An update to SettingsView inside a test was not wrapped in act(...).

When testing, code that causes React state updates should be wrapped into 
act(...):

act(() => {
  /* fire events that update state */
});
/* assert on the output */

This ensures that you're testing the behavior the user would see in the 
browser. Learn more at https://react.dev/link/wrap-tests-with-act

[90mstderr[2m | components/features/settings/settings-view.test.tsx[2m > 
[22m[2mSettingsView[2m > [22m[2mcalls fetch on mount for initial data
[22m[39mAn update to SettingsView inside a test was not wrapped in act(...).

When testing, code that causes React state updates should be wrapped into 
act(...):

act(() => {
  /* fire events that update state */
});
/* assert on the output */

This ensures that you're testing the behavior the user would see in the 
browser. Learn more at https://react.dev/link/wrap-tests-with-act

 [32mÔ£ô[39m components/features/settings/settings-view.test.tsx [2m([22m[2m4 tests[22m[2m)[22m[33m 846[2mms[22m[39m
     [33m[2mÔ£ô[22m[39m renders without crashing [33m 514[2mms[22m[39m
     [33m[2mÔ£ô[22m[39m calls fetch on mount for initial data [33m 315[2mms[22m[39m
Not implemented: navigation to another Document
 [32mÔ£ô[39m components/ui/export-button.test.tsx [2m([22m[2m6 tests[22m[2m)[22m[33m 1863[2mms[22m[39m
     [33m[2mÔ£ô[22m[39m should render export button with data [33m 723[2mms[22m[39m
     [33m[2mÔ£ô[22m[39m should show dropdown when clicked [33m 513[2mms[22m[39m
     [33m[2mÔ£ô[22m[39m should trigger export when CSV option is selected [33m 411[2mms[22m[39m
 [31mÔØ»[39m components/ui/search-filter.test.tsx [2m([22m[2m11 tests[22m[2m | [22m[31m1 failed[39m[2m)[22m[33m 3693[2mms[22m[39m
     [33m[2mÔ£ô[22m[39m should render search input with placeholder [33m 334[2mms[22m[39m
     [33m[2mÔ£ô[22m[39m should call onSearchChange after debounce [33m 866[2mms[22m[39m
[31m     [31m├ù[31m should call onFilterChange when filter selection changes[39m[33m 1184[2mms[22m[39m
     [33m[2mÔ£ô[22m[39m should render clear button when showClearButton is true [33m 392[2mms[22m[39m
     [33m[2mÔ£ô[22m[39m should clear search when clear button is clicked [33m 387[2mms[22m[39m
     [32mÔ£ô[39m should handle multiple filters[32m 130[2mms[22m[39m
     [32mÔ£ô[39m should use default values for filters[32m 50[2mms[22m[39m
     [32mÔ£ô[39m should handle no filters provided[32m 11[2mms[22m[39m
     [32mÔ£ô[39m should apply custom className[32m 59[2mms[22m[39m
     [32mÔ£ô[39m should debounce search input correctly[32m 218[2mms[22m[39m
     [32mÔ£ô[39m should clear debounce timer on component unmount[32m 52[2mms[22m[39m
 [32mÔ£ô[39m components/features/dashboard/overview-view.test.tsx [2m([22m[2m1 test[22m[2m)[22m[33m 519[2mms[22m[39m
     [33m[2mÔ£ô[22m[39m renders dashboard overview and stats [33m 510[2mms[22m[39m
 [32mÔ£ô[39m components/layouts/sidebar.test.tsx [2m([22m[2m4 tests[22m[2m)[22m[33m 805[2mms[22m[39m
     [33m[2mÔ£ô[22m[39m renders menu and calls onTabChange when button clicked [33m 314[2mms[22m[39m
 [32mÔ£ô[39m lib/utils/env.test.ts [2m([22m[2m1 test[22m[2m)[22m[33m 476[2mms[22m[39m
     [33m[2mÔ£ô[22m[39m should not throw and provide defaults when NODE_ENV=test [33m 470[2mms[22m[39m
 [32mÔ£ô[39m components/features/financial/financials-view.test.tsx [2m([22m[2m1 test[22m[2m)[22m[33m 414[2mms[22m[39m
     [33m[2mÔ£ô[22m[39m renders summary cards [33m 405[2mms[22m[39m
 [32mÔ£ô[39m components/ui/select.test.tsx [2m([22m[2m1 test[22m[2m)[22m[32m 296[2mms[22m[39m
 [32mÔ£ô[39m components/shared/error-boundary.test.tsx [2m([22m[2m2 tests[22m[2m)[22m[32m 277[2mms[22m[39m
 [32mÔ£ô[39m components/ui/avatar.test.tsx [2m([22m[2m3 tests[22m[2m)[22m[32m 192[2mms[22m[39m
 [32mÔ£ô[39m components/ui/textarea.test.tsx [2m([22m[2m2 tests[22m[2m)[22m[32m 202[2mms[22m[39m
 [32mÔ£ô[39m components/ui/card.test.tsx [2m([22m[2m1 test[22m[2m)[22m[32m 158[2mms[22m[39m
 [32mÔ£ô[39m components/features/property/properties-view.test.tsx [2m([22m[2m1 test[22m[2m)[22m[33m 464[2mms[22m[39m
     [33m[2mÔ£ô[22m[39m shows empty state when no properties [33m 457[2mms[22m[39m
 [32mÔ£ô[39m components/features/tenant/tenants-view.test.tsx [2m([22m[2m1 test[22m[2m)[22m[33m 443[2mms[22m[39m
     [33m[2mÔ£ô[22m[39m renders empty state when no tenants [33m 434[2mms[22m[39m
 [32mÔ£ô[39m components/features/correspondence/correspondence-view.test.tsx [2m([22m[2m1 test[22m[2m)[22m[32m 208[2mms[22m[39m
 [32mÔ£ô[39m components/features/financial/receipts-view.test.tsx [2m([22m[2m1 test[22m[2m)[22m[32m 220[2mms[22m[39m
[90mstdout[2m | lib/services/auth/auth.test.ts[2m > [22m[2mauth options[2m > [22m[2mincludes credentials provider when ENABLE_DEMO_LOGIN=true
[22m[39m[database] resetPrismaClientForTests called outside NODE_ENV=test

[90mstdout[2m | lib/services/auth/auth.test.ts[2m > [22m[2mauth options[2m > [22m[2mincludes credentials provider in non-production environment
[22m[39m[database] resetPrismaClientForTests called outside NODE_ENV=test

[90mstdout[2m | lib/services/auth/auth.test.ts[2m > [22m[2mauth options[2m > [22m[2mincludes Google OAuth when real credentials are provided
[22m[39m[database] resetPrismaClientForTests called outside NODE_ENV=test

 [32mÔ£ô[39m lib/services/auth/auth.test.ts [2m([22m[2m9 tests[22m[2m)[22m[32m 156[2mms[22m[39m
 [32mÔ£ô[39m components/ui/label.test.tsx [2m([22m[2m1 test[22m[2m)[22m[32m 127[2mms[22m[39m
 [32mÔ£ô[39m components/shared/dev-auth.test.tsx [2m([22m[2m2 tests[22m[2m)[22m[32m 141[2mms[22m[39m
 [32mÔ£ô[39m components/shared/version-badge.test.tsx [2m([22m[2m2 tests[22m[2m)[22m[32m 146[2mms[22m[39m
 [32mÔ£ô[39m lib/services/tax-calculator.test.ts [2m([22m[2m51 tests[22m[2m)[22m[32m 134[2mms[22m[39m
 [32mÔ£ô[39m components/ui/badge.test.tsx [2m([22m[2m1 test[22m[2m)[22m[32m 129[2mms[22m[39m
 [32mÔ£ô[39m lib/services/invoice-service.test.ts [2m([22m[2m50 tests[22m[2m)[22m[32m 110[2mms[22m[39m
 [32mÔ£ô[39m components/ui/separator.test.tsx [2m([22m[2m2 tests[22m[2m)[22m[32m 117[2mms[22m[39m
[90mstderr[2m | app/api/properties/properties.test.ts[2m > 
[22m[2mProperties API - POST /api/properties[2m > [22m[2mshould validate 
required fields
[22m[39m{"timestamp":"2026-03-29T14:37:45.424Z","level":"error","message":"AP
I Error","data":{"error":"Validation error: Invalid input: expected string, 
received undefined, Invalid input: expected string, received undefined, 
Invalid option: expected one of 
\"apartment\"|\"house\"|\"condo\"|\"townhouse\"|\"other\", Invalid input: 
expected number, received undefined, Invalid input: expected number, received 
undefined, Invalid input: expected number, received undefined, Invalid option: 
expected one of \"occupied\"|\"vacant\"|\"maintenance\"","stack":"Error: 
Validation error: Invalid input: expected string, received undefined, Invalid 
input: expected string, received undefined, Invalid option: expected one of 
\"apartment\"|\"house\"|\"condo\"|\"townhouse\"|\"other\", Invalid input: 
expected number, received undefined, Invalid input: expected number, received 
undefined, Invalid input: expected number, received undefined, Invalid option: 
expected one of \"occupied\"|\"vacant\"|\"maintenance\"\n    at handlePost 
(C:/Users/scp_i/proman/app/api/properties/route.ts:81:9)\n    at 
processTicksAndRejections (node:internal/process/task_queues:105:5)\n    at 
Module.<anonymous> 
(C:/Users/scp_i/proman/lib/utils/error-handling.ts:172:14)\n    at 
C:/Users/scp_i/proman/app/api/properties/properties.test.ts:152:22\n    at file
:///C:/Users/scp_i/proman/node_modules/@vitest/runner/dist/chunk-artifact.js:18
93:20","url":"http://localhost:3000/api/properties","method":"POST","userAgent"
:null}}

[90mstderr[2m | app/api/properties/properties.test.ts[2m > 
[22m[2mProperties API - POST /api/properties[2m > [22m[2mshould sanitize 
input data
[22m[39m{"timestamp":"2026-03-29T14:37:45.433Z","level":"error","message":"AP
I Error","data":{"error":"Validation error: Invalid option: expected one of 
\"occupied\"|\"vacant\"|\"maintenance\"","stack":"Error: Validation error: 
Invalid option: expected one of \"occupied\"|\"vacant\"|\"maintenance\"\n    
at handlePost (C:/Users/scp_i/proman/app/api/properties/route.ts:81:9)\n    at 
processTicksAndRejections (node:internal/process/task_queues:105:5)\n    at 
Module.<anonymous> 
(C:/Users/scp_i/proman/lib/utils/error-handling.ts:172:14)\n    at 
C:/Users/scp_i/proman/app/api/properties/properties.test.ts:170:22\n    at file
:///C:/Users/scp_i/proman/node_modules/@vitest/runner/dist/chunk-artifact.js:18
93:20","url":"http://localhost:3000/api/properties","method":"POST","userAgent"
:null}}

[90mstderr[2m | app/api/properties/properties.test.ts[2m > 
[22m[2mProperties API - POST /api/properties[2m > [22m[2mshould validate 
bedrooms and bathrooms ranges
[22m[39m{"timestamp":"2026-03-29T14:37:45.438Z","level":"error","message":"AP
I Error","data":{"error":"Validation error: Too small: expected number to be 
>=0, Invalid option: expected one of 
\"occupied\"|\"vacant\"|\"maintenance\"","stack":"Error: Validation error: Too 
small: expected number to be >=0, Invalid option: expected one of 
\"occupied\"|\"vacant\"|\"maintenance\"\n    at handlePost 
(C:/Users/scp_i/proman/app/api/properties/route.ts:81:9)\n    at 
processTicksAndRejections (node:internal/process/task_queues:105:5)\n    at 
Module.<anonymous> 
(C:/Users/scp_i/proman/lib/utils/error-handling.ts:172:14)\n    at 
C:/Users/scp_i/proman/app/api/properties/properties.test.ts:188:22\n    at file
:///C:/Users/scp_i/proman/node_modules/@vitest/runner/dist/chunk-artifact.js:18
93:20","url":"http://localhost:3000/api/properties","method":"POST","userAgent"
:null}}

[90mstderr[2m | app/api/properties/properties.test.ts[2m > 
[22m[2mProperties API - POST /api/properties[2m > [22m[2mshould validate 
rent is positive
[22m[39m{"timestamp":"2026-03-29T14:37:45.445Z","level":"error","message":"AP
I Error","data":{"error":"Validation error: Rent must be positive, Invalid 
option: expected one of 
\"occupied\"|\"vacant\"|\"maintenance\"","stack":"Error: Validation error: 
Rent must be positive, Invalid option: expected one of 
\"occupied\"|\"vacant\"|\"maintenance\"\n    at handlePost 
(C:/Users/scp_i/proman/app/api/properties/route.ts:81:9)\n    at 
processTicksAndRejections (node:internal/process/task_queues:105:5)\n    at 
Module.<anonymous> 
(C:/Users/scp_i/proman/lib/utils/error-handling.ts:172:14)\n    at 
C:/Users/scp_i/proman/app/api/properties/properties.test.ts:206:22\n    at file
:///C:/Users/scp_i/proman/node_modules/@vitest/runner/dist/chunk-artifact.js:18
93:20","url":"http://localhost:3000/api/properties","method":"POST","userAgent"
:null}}

[90mstderr[2m | app/api/properties/properties.test.ts[2m > 
[22m[2mProperties API - POST /api/properties[2m > [22m[2mshould return 
201 on successful creation
[22m[39m{"timestamp":"2026-03-29T14:37:45.450Z","level":"error","message":"AP
I Error","data":{"error":"Validation error: Invalid option: expected one of 
\"occupied\"|\"vacant\"|\"maintenance\"","stack":"Error: Validation error: 
Invalid option: expected one of \"occupied\"|\"vacant\"|\"maintenance\"\n    
at handlePost (C:/Users/scp_i/proman/app/api/properties/route.ts:81:9)\n    at 
processTicksAndRejections (node:internal/process/task_queues:105:5)\n    at 
Module.<anonymous> 
(C:/Users/scp_i/proman/lib/utils/error-handling.ts:172:14)\n    at 
C:/Users/scp_i/proman/app/api/properties/properties.test.ts:224:22\n    at file
:///C:/Users/scp_i/proman/node_modules/@vitest/runner/dist/chunk-artifact.js:18
93:20","url":"http://localhost:3000/api/properties","method":"POST","userAgent"
:null}}

 [32mÔ£ô[39m app/api/properties/properties.test.ts [2m([22m[2m14 tests[22m[2m)[22m[32m 119[2mms[22m[39m
 [32mÔ£ô[39m app/api/tenants/[id]/tenants-id.test.ts [2m([22m[2m22 tests[22m[2m)[22m[32m 97[2mms[22m[39m
 [32mÔ£ô[39m app/api/properties/[id]/properties-id.test.ts [2m([22m[2m22 tests[22m[2m)[22m[32m 80[2mms[22m[39m
 [32mÔ£ô[39m app/api/tenants/tenants.test.ts [2m([22m[2m15 tests[22m[2m)[22m[32m 83[2mms[22m[39m
 [32mÔ£ô[39m lib/utils/sanitize.test.ts [2m([22m[2m6 tests[22m[2m)[22m[32m 68[2mms[22m[39m
 [32mÔ£ô[39m app/api/maintenance/maintenance.test.ts [2m([22m[2m43 tests[22m[2m)[22m[32m 53[2mms[22m[39m
 [32mÔ£ô[39m app/api/webhooks/sendgrid/sendgrid.test.ts [2m([22m[2m7 tests[22m[2m)[22m[32m 70[2mms[22m[39m
 [32mÔ£ô[39m app/api/leases/leases.test.ts [2m([22m[2m29 tests[22m[2m)[22m[32m 46[2mms[22m[39m
 [32mÔ£ô[39m app/api/invoices/invoices.test.ts [2m([22m[2m43 tests[22m[2m)[22m[32m 63[2mms[22m[39m
 [32mÔ£ô[39m app/api/admin/database/route.test.ts [2m([22m[2m3 tests[22m[2m)[22m[32m 55[2mms[22m[39m
 [32mÔ£ô[39m app/api/correspondence/correspondence.test.ts [2m([22m[2m57 tests[22m[2m)[22m[32m 68[2mms[22m[39m
 [32mÔ£ô[39m app/api/receipts/receipts.test.ts [2m([22m[2m43 tests[22m[2m)[22m[32m 56[2mms[22m[39m
[90mstderr[2m | app/api/webhooks/stripe/stripe.test.ts[2m > [22m[2mStripe 
Webhook Handler[2m > [22m[2mFeature Flags[2m > [22m[2mSTRIPE-001: Should 
check if Stripe is enabled
[22m[39m[vitest] The vi.fn() mock did not use 'function' or 'class' in its 
implementation, see https://vitest.dev/api/vi#vi-spyon for examples.
[Stripe webhook] Signature verification failed: () => ({
      webhooks: {
        constructEvent: mockStripeConstructEvent
      }
    }) is not a constructor

[90mstderr[2m | app/api/webhooks/stripe/stripe.test.ts[2m > [22m[2mStripe 
Webhook Handler[2m > [22m[2mFeature Flags[2m > [22m[2mSTRIPE-003: Should 
check webhook secret configured
[22m[39m[Stripe webhook] STRIPE_WEBHOOK_SECRET not configured

 [32mÔ£ô[39m app/api/webhooks/stripe/stripe.test.ts [2m([22m[2m4 tests[22m[2m)[22m[32m 41[2mms[22m[39m
 [32mÔ£ô[39m lib/utils/utils.test.ts [2m([22m[2m1 test[22m[2m)[22m[32m 33[2mms[22m[39m
 [32mÔ£ô[39m lib/services/auth/auth-middleware.test.ts [2m([22m[2m4 tests[22m[2m)[22m[32m 37[2mms[22m[39m
 [32mÔ£ô[39m lib/services/audit-log.test.ts [2m([22m[2m7 tests[22m[2m)[22m[32m 33[2mms[22m[39m
 [32mÔ£ô[39m lib/utils/rate-limit.test.ts [2m([22m[2m3 tests[22m[2m)[22m[32m 22[2mms[22m[39m
 [32mÔ£ô[39m lib/contexts/toast-context.test.tsx [2m([22m[2m8 tests[22m[2m)[22m[32m 22[2mms[22m[39m
 [32mÔ£ô[39m lib/services/database/database.test.ts [2m([22m[2m1 test[22m[2m)[22m[32m 15[2mms[22m[39m
 [32mÔ£ô[39m lib/hooks/use-form-dialog.test.ts [2m([22m[2m1 test[22m[2m)[22m[32m 10[2mms[22m[39m
 [32mÔ£ô[39m lib/hooks/use-sortable-data.test.ts [2m([22m[2m1 test[22m[2m)[22m[32m 12[2mms[22m[39m

[31mÔÄ»ÔÄ»ÔÄ»ÔÄ»ÔÄ»ÔÄ»ÔÄ»[39m[1m[41m Failed Tests 1 
[49m[22m[31mÔÄ»ÔÄ»ÔÄ»ÔÄ»ÔÄ»ÔÄ»ÔÄ»[39m

[41m[1m FAIL [22m[49m components/ui/search-filter.test.tsx[2m > 
[22mSearchFilter[2m > [22mshould call onFilterChange when filter selection 
changes
[31m[1mError[22m: 
[2mexpect([22m[31mreceived[31m[2m).toBeInTheDocument()[22m

[31mreceived[31m value must be an HTMLElement or an SVGElement.
Received has type:  Null
Received has value: [31mnull[31m

Ignored nodes: comments, script, style
[36m<html>[31m
  [36m<head />[31m
  [36m<body>[31m
    [36m<div>[31m
      [36m<div[31m
        [33mclass[31m=[32m"flex flex-col sm:flex-row gap-3"[31m
      [36m>[31m
        [36m<div[31m
          [33mclass[31m=[32m"relative flex-1"[31m
        [36m>[31m
          [36m<svg[31m
            [33maria-hidden[31m=[32m"true"[31m
            [33mclass[31m=[32m"lucide lucide-search absolute left-3 top-1/2 
-translate-y-1/2 h-4 w-4 text-zinc-500"[31m
            [33mfill[31m=[32m"none"[31m
            [33mheight[31m=[32m"24"[31m
            [33mstroke[31m=[32m"currentColor"[31m
            [33mstroke-linecap[31m=[32m"round"[31m
            [33mstroke-linejoin[31m=[32m"round"[31m
            [33mstroke-width[31m=[32m"2"[31m
            [33mviewBox[31m=[32m"0 0 24 24"[31m
            [33mwidth[31m=[32m"24"[31m
            [33mxmlns[31m=[32m"http://www.w3.org/2000/svg"[31m
          [36m>[31m
            [36m<path[31m
              [33md[31m=[32m"m21 21-4.34-4.34"[31m
            [36m/>[31m
            [36m<circle[31m
              [33mcx[31m=[32m"11"[31m
              [33mcy[31m=[32m"11"[31m
              [33mr[31m=[32m"8"[31m
            [36m/>[31m
          [36m</svg>[31m
          [36m<input[31m
            [33mclass[31m=[32m"flex h-10 w-full rounded-md border 
border-[var(--color-border)] bg-[var(--color-input)] px-3 py-2 text-sm 
shadow-sm transition-all duration-200 ring-offset-background file:border-0 
file:bg-transparent file:text-sm file:font-medium 
file:text-[var(--color-foreground)] 
placeholder:text-[var(--color-muted-foreground)] focus-visible:outline-none 
focus-visible:ring-2 focus-visible:ring-[var(--color-focus)] 
focus-visible:ring-offset-2 focus-visible:border-[var(--color-focus)] 
hover:border-[var(--color-border-hover)] hover:shadow-md 
disabled:cursor-not-allowed disabled:opacity-50 
disabled:bg-[var(--color-surface-disabled)] pl-9 pr-9"[31m
            [33mplaceholder[31m=[32m"Search..."[31m
            [33mtype[31m=[32m"text"[31m
            [33mvalue[31m=[32m""[31m
          [36m/>[31m
        [36m</div>[31m
        [36m<button[31m
          [33maria-autocomplete[31m=[32m"none"[31m
          [33maria-controls[31m=[32m"radix-_r_8_"[31m
          [33maria-expanded[31m=[32m"false"[31m
          [33mclass[31m=[32m"flex h-10 items-center justify-between 
rounded-md border border-[var(--color-border)] bg-[var(--color-input)] px-3 
py-2 text-sm shadow-sm transition-all duration-200 ring-offset-background 
placeholder:text-[var(--color-muted-foreground)] focus:outline-none 
focus:ring-2 focus:ring-[var(--color-focus)] focus:ring-offset-2 
focus:border-[var(--color-focus)] hover:border-[var(--color-border-hover)] 
hover:shadow-md disabled:cursor-not-allowed disabled:opacity-50 
disabled:bg-[var(--color-surface-disabled)] [&>span]:line-clamp-1 w-full 
sm:w-[180px]"[31m
          [33mdata-state[31m=[32m"closed"[31m
          [33mdata-testid[31m=[32m"select-trigger-status"[31m
          [33mdir[31m=[32m"ltr"[31m
          [33mrole[31m=[32m"combobox"[31m
          [33mtype[31m=[32m"button"[31m
        [36m>[31m
          [36m<span[31m
            [33mstyle[31m=[32m"pointer-events: none;"[31m
          [36m>[31m
            [0mAll[0m
          [36m</span>[31m
          [36m<svg[31m
            [33maria-hidden[31m=[32m"true"[31m
            [33mclass[31m=[32m"lucide lucide-chevron-down h-4 w-4 
opacity-50 transition-transform duration-200 
group-data-[state=open]:rotate-180"[31m
            [33mfill[31m=[32m"none"[31m
            [33mheight[31m=[32m"24"[31m
            [33mstroke[31m=[32m"currentColor"[31m
            [33mstroke-linecap[31m=[32m"round"[31m
            [33mstroke-linejoin[31m=[32m"round"[31m
            [33mstroke-width[31m=[32m"2"[31m
            [33mviewBox[31m=[32m"0 0 24 24"[31m
            [33mwidth[31m=[32m"24"[31m
            [33mxmlns[31m=[32m"http://www.w3.org/2000/svg"[31m
          [36m>[31m
            [36m<path[31m
              [33md[31m=[32m"m6 9 6 6 6-6"[31m
            [36m/>[31m
          [36m</svg>[31m
        [36m</button>[31m
      [36m</div>[31m
    [36m</div>[31m
  [36m</body>[31m
[36m</html>[31m[39m
[36m [2mÔØ»[22m components/ui/search-filter.test.tsx:[2m63:81[22m[39m
    [90m 61|[39m     [90m// Wait for options to appear[39m
    [90m 62|[39m     [35mawait[39m [34mwaitFor[39m(() [33m=>[39m {
    [90m 63|[39m       
expect(document.body.querySelector('[data-testid="select-item-acÔÇª
    [90m   |[39m                                                             
                    [31m^[39m
    [90m 64|[39m     })[33m;[39m
    [90m 65|[39m     [90m// Click on Active option[39m
[90m [2mÔØ»[22m runWithExpensiveErrorDiagnosticsDisabled 
node_modules/@testing-library/dom/dist/config.js:[2m47:12[22m[39m
[90m [2mÔØ»[22m checkCallback 
node_modules/@testing-library/dom/dist/wait-for.js:[2m124:77[22m[39m
[90m [2mÔØ»[22m Timeout.checkRealTimersCallback 
node_modules/@testing-library/dom/dist/wait-for.js:[2m118:16[22m[39m

[31m[2mÔÄ»ÔÄ»ÔÄ»ÔÄ»ÔÄ»ÔÄ»ÔÄ»ÔÄ»ÔÄ»ÔÄ»ÔÄ»ÔÄ»ÔÄ»ÔÄ»ÔÄ»ÔÄ»ÔÄ»ÔÄ»ÔÄ»ÔÄ»ÔÄ»ÔÄ»ÔÄ»Ô
Ä»[1/1]ÔÄ»[22m[39m

[31mÔÄ»ÔÄ»ÔÄ»ÔÄ»ÔÄ»ÔÄ»[39m[1m[41m Unhandled Errors 
[49m[22m[31mÔÄ»ÔÄ»ÔÄ»ÔÄ»ÔÄ»ÔÄ»[39m
[31m[1m
Vitest caught 1 unhandled error during the test run.
This might cause false positive tests. Resolve unhandled errors to make sure 
your tests are not affected.[22m[39m

[31mÔÄ»ÔÄ»ÔÄ»ÔÄ»ÔÄ»[39m[1m[41m Uncaught Exception 
[49m[22m[31mÔÄ»ÔÄ»ÔÄ»ÔÄ»ÔÄ»[39m
[31m[1mTypeError[22m: target.hasPointerCapture is not a function[39m
[90m [2mÔØ»[22m 
node_modules/@radix-ui/react-select/dist/index.mjs:[2m194:22[22m[39m
[90m [2mÔØ»[22m handleEvent 
node_modules/@radix-ui/primitive/dist/index.mjs:[2m7:31[22m[39m
[90m [2mÔØ»[22m executeDispatch node_modules/react-dom/cjs/react-dom-client.
development.js:[2m19116:9[22m[39m
[90m [2mÔØ»[22m runWithFiberInDEV 
node_modules/react-dom/cjs/react-dom-client.development.js:[2m874:13[22m[39m
[90m [2mÔØ»[22m processDispatchQueue node_modules/react-dom/cjs/react-dom-cl
ient.development.js:[2m19166:19[22m[39m
[90m [2mÔØ»[22m node_modules/react-dom/cjs/react-dom-client.development.js:
[2m19767:9[22m[39m
[90m [2mÔØ»[22m batchedUpdates$1 node_modules/react-dom/cjs/react-dom-client
.development.js:[2m3255:40[22m[39m
[90m [2mÔØ»[22m dispatchEventForPluginEventSystem node_modules/react-dom/cjs
/react-dom-client.development.js:[2m19320:7[22m[39m
[90m [2mÔØ»[22m dispatchEvent node_modules/react-dom/cjs/react-dom-client.de
velopment.js:[2m23585:11[22m[39m
[90m [2mÔØ»[22m dispatchDiscreteEvent node_modules/react-dom/cjs/react-dom-c
lient.development.js:[2m23553:11[22m[39m

[31mThis error originated in "[1mcomponents/ui/search-filter.test.tsx[22m" 
test file. It doesn't mean the error was thrown inside the file itself, but 
while it was running.[39m
[31mThe latest test that might've caused the error is "[1mshould call 
onFilterChange when filter selection changes[22m". It might mean one of the 
following:
- The error was thrown, while Vitest was running this test.
- If the error occurred after the test had been completed, this was the last 
documented test before it was thrown.[39m
[31mÔÄ»ÔÄ»ÔÄ»ÔÄ»ÔÄ»ÔÄ»ÔÄ»ÔÄ»ÔÄ»ÔÄ»ÔÄ»ÔÄ»ÔÄ»ÔÄ»ÔÄ»ÔÄ»ÔÄ»ÔÄ»ÔÄ»ÔÄ»ÔÄ»ÔÄ»ÔÄ»ÔÄ»ÔÄ
»ÔÄ»ÔÄ»ÔÄ»ÔÄ»ÔÄ»[39m


[2m Test Files [22m [1m[31m1 failed[39m[22m[2m | [22m[1m[32m50 passed[39m[22m[90m (51)[39m
[2m      Tests [22m [1m[31m1 failed[39m[22m[2m | [22m[1m[32m504 passed[39m[22m[90m (505)[39m
[2m     Errors [22m [1m[31m1 error[39m[22m
[2m   Start at [22m 16:36:59
[2m   Duration [22m 61.54s[2m (transform 12.98s, setup 74.09s, import 92.35s, tests 17.67s, environment 402.37s)[22m

