
> proman@1.5.5 test
> vitest run


[1m[46m RUN [49m[22m [36mv4.1.1 [39m[90mC:/Users/scp_i/proman[39m

 [32mÔ£ô[39m app/api/receipts/receipts.test.ts [2m([22m[2m43 tests[22m[2m)[22m[32m 55[2mms[22m[39m
 [32mÔ£ô[39m app/api/correspondence/correspondence.test.ts [2m([22m[2m57 tests[22m[2m)[22m[32m 63[2mms[22m[39m
 [32mÔ£ô[39m app/api/maintenance/maintenance.test.ts [2m([22m[2m43 tests[22m[2m)[22m[32m 59[2mms[22m[39m
 [32mÔ£ô[39m app/api/invoices/invoices.test.ts [2m([22m[2m43 tests[22m[2m)[22m[32m 55[2mms[22m[39m
 [32mÔ£ô[39m app/api/leases/leases.test.ts [2m([22m[2m29 tests[22m[2m)[22m[32m 56[2mms[22m[39m
 [32mÔ£ô[39m app/api/properties/[id]/properties-id.test.ts [2m([22m[2m22 tests[22m[2m)[22m[32m 86[2mms[22m[39m
 [32mÔ£ô[39m app/api/tenants/[id]/tenants-id.test.ts [2m([22m[2m22 tests[22m[2m)[22m[32m 98[2mms[22m[39m
 [31mÔØ»[39m app/api/tenants/tenants.test.ts [2m([22m[2m15 tests[22m[2m | [22m[31m1 failed[39m[2m)[22m[32m 108[2mms[22m[39m
     [32mÔ£ô[39m should return all tenants for authenticated user[32m 24[2mms[22m[39m
     [32mÔ£ô[39m should return 401 when not authenticated[32m 2[2mms[22m[39m
     [32mÔ£ô[39m should support pagination with page parameter[32m 3[2mms[22m[39m
     [32mÔ£ô[39m should support pagination with limit parameter[32m 3[2mms[22m[39m
     [32mÔ£ô[39m should handle both page and limit parameters together[32m 2[2mms[22m[39m
     [32mÔ£ô[39m should return empty list when no tenants exist[32m 3[2mms[22m[39m
     [32mÔ£ô[39m should handle database errors gracefully[32m 8[2mms[22m[39m
     [32mÔ£ô[39m should create tenant with valid data[32m 14[2mms[22m[39m
     [32mÔ£ô[39m should return 401 when not authenticated[32m 4[2mms[22m[39m
     [32mÔ£ô[39m should validate required fields[32m 6[2mms[22m[39m
     [32mÔ£ô[39m should validate email format[32m 8[2mms[22m[39m
[31m     [31m├ù[31m should validate rent is positive[39m[32m 21[2mms[22m[39m
     [32mÔ£ô[39m should sanitize text input[32m 2[2mms[22m[39m
     [32mÔ£ô[39m should accept optional propertyId[32m 1[2mms[22m[39m
     [32mÔ£ô[39m should return 201 on successful creation[32m 2[2mms[22m[39m
node.exe : [90mstderr[2m | app/api/properties/properties.test.ts[2m > 
[22m[2mProperties API - POST /api/properties[2m > [22m[2mshould create 
property with valid data
At C:\Program Files\nodejs\npm.ps1:29 char:3
+   & $NODE_EXE $NPM_CLI_JS $args
+   ~~~~~~~~~~~~~~~~~~~~~~~~~~~~~
    + CategoryInfo          : NotSpecified: ([90mstderr[2m...with valid data 
   :String) [], RemoteException
    + FullyQualifiedErrorId : NativeCommandError
 
[22m[39m{"timestamp":"2026-03-29T13:15:22.903Z","level":"error","message":"AP
I Error","data":{"error":"Validation error: Invalid option: expected one of 
\"occupied\"|\"vacant\"|\"maintenance\"","stack":"Error: Validation error: 
Invalid option: expected one of \"occupied\"|\"vacant\"|\"maintenance\"\n    
at handlePost (C:/Users/scp_i/proman/app/api/properties/route.ts:81:9)\n    at 
processTicksAndRejections (node:internal/process/task_queues:105:5)\n    at 
Module.<anonymous> 
(C:/Users/scp_i/proman/lib/utils/error-handling.ts:172:14)\n    at 
C:/Users/scp_i/proman/app/api/properties/properties.test.ts:128:22\n    at file
:///C:/Users/scp_i/proman/node_modules/@vitest/runner/dist/chunk-artifact.js:18
93:20","url":"http://localhost:3000/api/properties","method":"POST","userAgent"
:null}}

[90mstderr[2m | app/api/properties/properties.test.ts[2m > 
[22m[2mProperties API - POST /api/properties[2m > [22m[2mshould validate 
required fields
[22m[39m{"timestamp":"2026-03-29T13:15:22.928Z","level":"error","message":"AP
I Error","data":{"error":"Validation error: Invalid input: expected string, 
received undefined, Invalid input: expected string, received undefined, 
Invalid option: expected one of 
\"apartment\"|\"house\"|\"condo\"|\"townhouse\"|\"other\", Invalid input: 
expected number, received undefined, Invalid input: expected number, received 
undefined, Invalid input: expected number, received undefined, Invalid option: 
expected one of \"occupied\"|\"vacant\"|\"maintenance\"","stack":"Error: 
Validation error: Invalid input: expected string, received undefined, Invalid 
input: expected string, received undefined, Invalid option: expected one of 
\"apartment\"|\"house\"|\"condo\"|\"townhouse\"|\"other\", Invalid input: 
expected number, received undefined, Invalid input: expected number, received 
undefined, Invalid input: expected number, received undefined, Invalid option: 
expected one of \"occupied\"|\"vacant\"|\"maintenance\"\n    at handlePost 
(C:/Users/scp_i/proman/app/api/properties/route.ts:81:9)\n    at 
processTicksAndRejections (node:internal/process/task_queues:105:5)\n    at 
Module.<anonymous> 
(C:/Users/scp_i/proman/lib/utils/error-handling.ts:172:14)\n    at 
C:/Users/scp_i/proman/app/api/properties/properties.test.ts:151:22\n    at file
:///C:/Users/scp_i/proman/node_modules/@vitest/runner/dist/chunk-artifact.js:18
93:20","url":"http://localhost:3000/api/properties","method":"POST","userAgent"
:null}}

[90mstderr[2m | app/api/properties/properties.test.ts[2m > 
[22m[2mProperties API - POST /api/properties[2m > [22m[2mshould sanitize 
input data
[22m[39m{"timestamp":"2026-03-29T13:15:22.934Z","level":"error","message":"AP
I Error","data":{"error":"Validation error: Invalid option: expected one of 
\"occupied\"|\"vacant\"|\"maintenance\"","stack":"Error: Validation error: 
Invalid option: expected one of \"occupied\"|\"vacant\"|\"maintenance\"\n    
at handlePost (C:/Users/scp_i/proman/app/api/properties/route.ts:81:9)\n    at 
processTicksAndRejections (node:internal/process/task_queues:105:5)\n    at 
Module.<anonymous> 
(C:/Users/scp_i/proman/lib/utils/error-handling.ts:172:14)\n    at 
C:/Users/scp_i/proman/app/api/properties/properties.test.ts:169:22\n    at file
:///C:/Users/scp_i/proman/node_modules/@vitest/runner/dist/chunk-artifact.js:18
93:20","url":"http://localhost:3000/api/properties","method":"POST","userAgent"
:null}}

[90mstderr[2m | app/api/properties/properties.test.ts[2m > 
[22m[2mProperties API - POST /api/properties[2m > [22m[2mshould validate 
bedrooms and bathrooms ranges
[22m[39m{"timestamp":"2026-03-29T13:15:22.940Z","level":"error","message":"AP
I Error","data":{"error":"Validation error: Too small: expected number to be 
>=0, Invalid option: expected one of 
\"occupied\"|\"vacant\"|\"maintenance\"","stack":"Error: Validation error: Too 
small: expected number to be >=0, Invalid option: expected one of 
\"occupied\"|\"vacant\"|\"maintenance\"\n    at handlePost 
(C:/Users/scp_i/proman/app/api/properties/route.ts:81:9)\n    at 
processTicksAndRejections (node:internal/process/task_queues:105:5)\n    at 
Module.<anonymous> 
(C:/Users/scp_i/proman/lib/utils/error-handling.ts:172:14)\n    at 
C:/Users/scp_i/proman/app/api/properties/properties.test.ts:187:22\n    at file
:///C:/Users/scp_i/proman/node_modules/@vitest/runner/dist/chunk-artifact.js:18
93:20","url":"http://localhost:3000/api/properties","method":"POST","userAgent"
:null}}

[90mstderr[2m | app/api/properties/properties.test.ts[2m > 
[22m[2mProperties API - POST /api/properties[2m > [22m[2mshould validate 
rent is positive
[22m[39m{"timestamp":"2026-03-29T13:15:22.944Z","level":"error","message":"AP
I Error","data":{"error":"Validation error: Rent must be positive, Invalid 
option: expected one of 
\"occupied\"|\"vacant\"|\"maintenance\"","stack":"Error: Validation error: 
Rent must be positive, Invalid option: expected one of 
\"occupied\"|\"vacant\"|\"maintenance\"\n    at handlePost 
(C:/Users/scp_i/proman/app/api/properties/route.ts:81:9)\n    at 
processTicksAndRejections (node:internal/process/task_queues:105:5)\n    at 
Module.<anonymous> 
(C:/Users/scp_i/proman/lib/utils/error-handling.ts:172:14)\n    at 
C:/Users/scp_i/proman/app/api/properties/properties.test.ts:205:22\n    at file
:///C:/Users/scp_i/proman/node_modules/@vitest/runner/dist/chunk-artifact.js:18
93:20","url":"http://localhost:3000/api/properties","method":"POST","userAgent"
:null}}

[90mstderr[2m | app/api/properties/properties.test.ts[2m > 
[22m[2mProperties API - POST /api/properties[2m > [22m[2mshould return 
201 on successful creation
[22m[39m{"timestamp":"2026-03-29T13:15:22.947Z","level":"error","message":"AP
I Error","data":{"error":"Validation error: Invalid option: expected one of 
\"occupied\"|\"vacant\"|\"maintenance\"","stack":"Error: Validation error: 
Invalid option: expected one of \"occupied\"|\"vacant\"|\"maintenance\"\n    
at handlePost (C:/Users/scp_i/proman/app/api/properties/route.ts:81:9)\n    at 
processTicksAndRejections (node:internal/process/task_queues:105:5)\n    at 
Module.<anonymous> 
(C:/Users/scp_i/proman/lib/utils/error-handling.ts:172:14)\n    at 
C:/Users/scp_i/proman/app/api/properties/properties.test.ts:223:22\n    at file
:///C:/Users/scp_i/proman/node_modules/@vitest/runner/dist/chunk-artifact.js:18
93:20","url":"http://localhost:3000/api/properties","method":"POST","userAgent"
:null}}

 [31mÔØ»[39m app/api/properties/properties.test.ts [2m([22m[2m14 tests[22m[2m | [22m[31m2 failed[39m[2m)[22m[32m 118[2mms[22m[39m
     [32mÔ£ô[39m should return all properties for authenticated user[32m 24[2mms[22m[39m
     [32mÔ£ô[39m should return 401 when not authenticated[32m 2[2mms[22m[39m
     [32mÔ£ô[39m should return 401 with invalid token[32m 2[2mms[22m[39m
     [32mÔ£ô[39m should support pagination with page and limit parameters[32m 4[2mms[22m[39m
     [32mÔ£ô[39m should handle empty results gracefully[32m 3[2mms[22m[39m
     [32mÔ£ô[39m should return sorted results in descending order by creation date[32m 2[2mms[22m[39m
     [32mÔ£ô[39m should handle database errors gracefully[32m 4[2mms[22m[39m
[31m     [31m├ù[31m should create property with valid data[39m[32m 39[2mms[22m[39m
     [32mÔ£ô[39m should return 401 when not authenticated[32m 5[2mms[22m[39m
     [32mÔ£ô[39m should validate required fields[32m 5[2mms[22m[39m
     [32mÔ£ô[39m should sanitize input data[32m 8[2mms[22m[39m
     [32mÔ£ô[39m should validate bedrooms and bathrooms ranges[32m 4[2mms[22m[39m
     [32mÔ£ô[39m should validate rent is positive[32m 3[2mms[22m[39m
[31m     [31m├ù[31m should return 201 on successful creation[39m[32m 6[2mms[22m[39m
 [32mÔ£ô[39m components/ui/search-filter.test.tsx [2m([22m[2m12 tests[22m[2m | [22m[33m6 skipped[39m[2m)[22m[33m 1104[2mms[22m[39m
     [33m[2mÔ£ô[22m[39m should render search input with placeholder [33m 328[2mms[22m[39m
     [33m[2mÔ£ô[22m[39m should render filter dropdowns when provided [33m 477[2mms[22m[39m
Not implemented: navigation to another Document
 [32mÔ£ô[39m components/ui/export-button.test.tsx [2m([22m[2m6 tests[22m[2m)[22m[33m 1717[2mms[22m[39m
     [33m[2mÔ£ô[22m[39m should render export button with data [33m 637[2mms[22m[39m
     [33m[2mÔ£ô[22m[39m should show dropdown when clicked [33m 443[2mms[22m[39m
     [33m[2mÔ£ô[22m[39m should trigger export when CSV option is selected [33m 423[2mms[22m[39m
Warning: A vi.mock("@sendgrid/mail") call in 
"C:/Users/scp_i/proman/lib/services/email/email-service.test.ts" is not at the 
top level of the module. Although it appears nested, it will be hoisted and 
executed before any tests run. Move it to the top level to reflect its actual 
execution order. This will become an error in a future version.
See: https://vitest.dev/guide/mocking/modules#how-it-works
Warning: A vi.mock("@sendgrid/mail") call in 
"C:/Users/scp_i/proman/lib/services/email/email-service.test.ts" is not at the 
top level of the module. Although it appears nested, it will be hoisted and 
executed before any tests run. Move it to the top level to reflect its actual 
execution order. This will become an error in a future version.
See: https://vitest.dev/guide/mocking/modules#how-it-works
[90mstdout[2m | lib/services/email/email-service.test.ts[2m > [22m[2mEmailService[2m > [22m[2msendTemplatedEmail succeeds when sendgrid send is mocked and logs are attempted
[22m[39mEmailService.sendEmailInternal: sendGridClient present= [33mtrue[39m sendType= function

[90mstdout[2m | lib/services/email/email-service.test.ts[2m > [22m[2mEmailService[2m > [22m[2msendTemplatedEmail succeeds when sendgrid send is mocked and logs are attempted
[22m[39mEmailService.sendEmailInternal: send result= [ { headers: { [32m'x-message-id'[39m: [32m'message-123'[39m } } ]

[90mstdout[2m | lib/services/email/email-service.test.ts[2m > [22m[2mEmailService[2m > [22m[2mhandles single response object from send and extracts message id
[22m[39mEmailService.sendEmailInternal: sendGridClient present= [33mtrue[39m sendType= function

[90mstdout[2m | lib/services/email/email-service.test.ts[2m > [22m[2mEmailService[2m > [22m[2mhandles single response object from send and extracts message id
[22m[39mEmailService.sendEmailInternal: send result= { headers: { [32m'x-message-id'[39m: [32m'single-456'[39m } }

 [32mÔ£ô[39m lib/services/email/email-service.test.ts [2m([22m[2m3 tests[22m[2m)[22m[33m 559[2mms[22m[39m
     [33m[2mÔ£ô[22m[39m isReady returns false when SENDGRID_API_KEY not set [33m 504[2mms[22m[39m
 [32mÔ£ô[39m app/api/health/health.test.ts [2m([22m[2m3 tests[22m[2m)[22m[33m 867[2mms[22m[39m
     [33m[2mÔ£ô[22m[39m exports a GET handler function [33m 859[2mms[22m[39m
 [32mÔ£ô[39m lib/utils/env.test.ts [2m([22m[2m1 test[22m[2m)[22m[33m 526[2mms[22m[39m
     [33m[2mÔ£ô[22m[39m should not throw and provide defaults when NODE_ENV=test [33m 521[2mms[22m[39m
 [32mÔ£ô[39m components/ui/button.test.tsx [2m([22m[2m2 tests[22m[2m)[22m[33m 636[2mms[22m[39m
     [33m[2mÔ£ô[22m[39m renders children and applies variant classes [33m 565[2mms[22m[39m
 [32mÔ£ô[39m components/ui/input.test.tsx [2m([22m[2m2 tests[22m[2m)[22m[33m 602[2mms[22m[39m
     [33m[2mÔ£ô[22m[39m accepts className prop [33m 484[2mms[22m[39m
 [32mÔ£ô[39m components/ui/switch.test.tsx [2m([22m[2m1 test[22m[2m)[22m[33m 593[2mms[22m[39m
     [33m[2mÔ£ô[22m[39m renders unchecked by default and toggles checked via props [33m 582[2mms[22m[39m
[90mstderr[2m | components/features/settings/settings-view.test.tsx[2m > 
[22m[2mSettingsView[2m > [22m[2mrenders without crashing
[22m[39mAn update to SettingsView inside a test was not wrapped in act(...).

When testing, code that causes React state updates should be wrapped into 
act(...):

act(() => {
  /* fire events that update state */
});
/* assert on the output */

This ensures that you're testing the behavior the user would see in the 
browser. Learn more at https://react.dev/link/wrap-tests-with-act
An update to SettingsView inside a test was not wrapped in act(...).

When testing, code that causes React state updates should be wrapped into 
act(...):

act(() => {
  /* fire events that update state */
});
/* assert on the output */

This ensures that you're testing the behavior the user would see in the 
browser. Learn more at https://react.dev/link/wrap-tests-with-act

[90mstderr[2m | components/features/settings/settings-view.test.tsx[2m > 
[22m[2mSettingsView[2m > [22m[2mrenders without crashing
[22m[39mAn update to SettingsView inside a test was not wrapped in act(...).

When testing, code that causes React state updates should be wrapped into 
act(...):

act(() => {
  /* fire events that update state */
});
/* assert on the output */

This ensures that you're testing the behavior the user would see in the 
browser. Learn more at https://react.dev/link/wrap-tests-with-act

 [32mÔ£ô[39m components/ui/dialog.test.tsx [2m([22m[2m1 test[22m[2m)[22m[33m 831[2mms[22m[39m
     [33m[2mÔ£ô[22m[39m opens when trigger is clicked and shows title/description [33m 822[2mms[22m[39m
[90mstderr[2m | components/features/settings/settings-view.test.tsx[2m > 
[22m[2mSettingsView[2m > [22m[2mcalls fetch on mount for initial data
[22m[39mAn update to SettingsView inside a test was not wrapped in act(...).

When testing, code that causes React state updates should be wrapped into 
act(...):

act(() => {
  /* fire events that update state */
});
/* assert on the output */

This ensures that you're testing the behavior the user would see in the 
browser. Learn more at https://react.dev/link/wrap-tests-with-act
An update to SettingsView inside a test was not wrapped in act(...).

When testing, code that causes React state updates should be wrapped into 
act(...):

act(() => {
  /* fire events that update state */
});
/* assert on the output */

This ensures that you're testing the behavior the user would see in the 
browser. Learn more at https://react.dev/link/wrap-tests-with-act

[90mstderr[2m | components/features/settings/settings-view.test.tsx[2m > 
[22m[2mSettingsView[2m > [22m[2mcalls fetch on mount for initial data
[22m[39mAn update to SettingsView inside a test was not wrapped in act(...).

When testing, code that causes React state updates should be wrapped into 
act(...):

act(() => {
  /* fire events that update state */
});
/* assert on the output */

This ensures that you're testing the behavior the user would see in the 
browser. Learn more at https://react.dev/link/wrap-tests-with-act

 [32mÔ£ô[39m components/features/settings/settings-view.test.tsx [2m([22m[2m4 tests[22m[2m)[22m[33m 768[2mms[22m[39m
     [33m[2mÔ£ô[22m[39m renders without crashing [33m 492[2mms[22m[39m
 [32mÔ£ô[39m components/layouts/sidebar.test.tsx [2m([22m[2m4 tests[22m[2m)[22m[33m 766[2mms[22m[39m
     [33m[2mÔ£ô[22m[39m renders menu and calls onTabChange when button clicked [33m 309[2mms[22m[39m
 [32mÔ£ô[39m components/features/dashboard/overview-view.test.tsx [2m([22m[2m1 test[22m[2m)[22m[33m 539[2mms[22m[39m
     [33m[2mÔ£ô[22m[39m renders dashboard overview and stats [33m 529[2mms[22m[39m
 [32mÔ£ô[39m components/features/property/properties-view.test.tsx [2m([22m[2m1 test[22m[2m)[22m[33m 460[2mms[22m[39m
     [33m[2mÔ£ô[22m[39m shows empty state when no properties [33m 450[2mms[22m[39m
[90mstdout[2m | lib/services/auth/auth.test.ts[2m > [22m[2mauth options[2m > [22m[2mincludes credentials provider when ENABLE_DEMO_LOGIN=true
[22m[39m[database] resetPrismaClientForTests called outside NODE_ENV=test

[90mstdout[2m | lib/services/auth/auth.test.ts[2m > [22m[2mauth options[2m > [22m[2mincludes credentials provider in non-production environment
[22m[39m[database] resetPrismaClientForTests called outside NODE_ENV=test

[90mstdout[2m | lib/services/auth/auth.test.ts[2m > [22m[2mauth options[2m > [22m[2mincludes Google OAuth when real credentials are provided
[22m[39m[database] resetPrismaClientForTests called outside NODE_ENV=test

 [32mÔ£ô[39m lib/services/auth/auth.test.ts [2m([22m[2m9 tests[22m[2m)[22m[32m 195[2mms[22m[39m
 [32mÔ£ô[39m components/ui/select.test.tsx [2m([22m[2m1 test[22m[2m)[22m[33m 302[2mms[22m[39m
 [32mÔ£ô[39m components/features/financial/financials-view.test.tsx [2m([22m[2m1 test[22m[2m)[22m[33m 398[2mms[22m[39m
     [33m[2mÔ£ô[22m[39m renders summary cards [33m 389[2mms[22m[39m
 [32mÔ£ô[39m components/shared/error-boundary.test.tsx [2m([22m[2m2 tests[22m[2m)[22m[32m 254[2mms[22m[39m
 [32mÔ£ô[39m components/ui/textarea.test.tsx [2m([22m[2m2 tests[22m[2m)[22m[32m 139[2mms[22m[39m
 [32mÔ£ô[39m components/features/tenant/tenants-view.test.tsx [2m([22m[2m1 test[22m[2m)[22m[33m 447[2mms[22m[39m
     [33m[2mÔ£ô[22m[39m renders empty state when no tenants [33m 437[2mms[22m[39m
 [32mÔ£ô[39m components/features/financial/receipts-view.test.tsx [2m([22m[2m1 test[22m[2m)[22m[32m 207[2mms[22m[39m
 [32mÔ£ô[39m components/features/correspondence/correspondence-view.test.tsx [2m([22m[2m1 test[22m[2m)[22m[32m 220[2mms[22m[39m
 [32mÔ£ô[39m components/ui/avatar.test.tsx [2m([22m[2m3 tests[22m[2m)[22m[32m 178[2mms[22m[39m
 [32mÔ£ô[39m components/shared/version-badge.test.tsx [2m([22m[2m2 tests[22m[2m)[22m[32m 148[2mms[22m[39m
 [32mÔ£ô[39m lib/services/tax-calculator.test.ts [2m([22m[2m51 tests[22m[2m)[22m[32m 130[2mms[22m[39m
 [32mÔ£ô[39m components/shared/dev-auth.test.tsx [2m([22m[2m2 tests[22m[2m)[22m[32m 148[2mms[22m[39m
 [32mÔ£ô[39m components/ui/badge.test.tsx [2m([22m[2m1 test[22m[2m)[22m[32m 130[2mms[22m[39m
 [32mÔ£ô[39m lib/services/invoice-service.test.ts [2m([22m[2m50 tests[22m[2m)[22m[32m 103[2mms[22m[39m
 [32mÔ£ô[39m components/ui/card.test.tsx [2m([22m[2m1 test[22m[2m)[22m[32m 147[2mms[22m[39m
 [32mÔ£ô[39m components/ui/label.test.tsx [2m([22m[2m1 test[22m[2m)[22m[32m 143[2mms[22m[39m
 [32mÔ£ô[39m components/ui/separator.test.tsx [2m([22m[2m2 tests[22m[2m)[22m[32m 109[2mms[22m[39m
 [32mÔ£ô[39m lib/utils/sanitize.test.ts [2m([22m[2m6 tests[22m[2m)[22m[32m 62[2mms[22m[39m
 [32mÔ£ô[39m app/api/webhooks/sendgrid/sendgrid.test.ts [2m([22m[2m7 tests[22m[2m)[22m[32m 66[2mms[22m[39m
 [32mÔ£ô[39m app/api/admin/database/route.test.ts [2m([22m[2m3 tests[22m[2m)[22m[32m 54[2mms[22m[39m
 [32mÔ£ô[39m lib/utils/utils.test.ts [2m([22m[2m1 test[22m[2m)[22m[32m 30[2mms[22m[39m
[90mstderr[2m | app/api/webhooks/stripe/stripe.test.ts[2m > [22m[2mStripe 
Webhook Handler[2m > [22m[2mFeature Flags[2m > [22m[2mSTRIPE-001: Should 
check if Stripe is enabled
[22m[39m[vitest] The vi.fn() mock did not use 'function' or 'class' in its 
implementation, see https://vitest.dev/api/vi#vi-spyon for examples.
[Stripe webhook] Signature verification failed: () => ({
      webhooks: {
        constructEvent: mockStripeConstructEvent
      }
    }) is not a constructor

[90mstderr[2m | app/api/webhooks/stripe/stripe.test.ts[2m > [22m[2mStripe 
Webhook Handler[2m > [22m[2mFeature Flags[2m > [22m[2mSTRIPE-003: Should 
check webhook secret configured
[22m[39m[Stripe webhook] STRIPE_WEBHOOK_SECRET not configured

 [32mÔ£ô[39m app/api/webhooks/stripe/stripe.test.ts [2m([22m[2m4 tests[22m[2m)[22m[32m 42[2mms[22m[39m
 [32mÔ£ô[39m lib/utils/rate-limit.test.ts [2m([22m[2m3 tests[22m[2m)[22m[32m 26[2mms[22m[39m
 [32mÔ£ô[39m lib/services/audit-log.test.ts [2m([22m[2m7 tests[22m[2m)[22m[32m 38[2mms[22m[39m
 [32mÔ£ô[39m lib/services/auth/auth-middleware.test.ts [2m([22m[2m4 tests[22m[2m)[22m[32m 41[2mms[22m[39m
 [32mÔ£ô[39m lib/contexts/toast-context.test.tsx [2m([22m[2m8 tests[22m[2m)[22m[32m 26[2mms[22m[39m
 [32mÔ£ô[39m lib/services/database/database.test.ts [2m([22m[2m1 test[22m[2m)[22m[32m 17[2mms[22m[39m
 [32mÔ£ô[39m lib/hooks/use-sortable-data.test.ts [2m([22m[2m1 test[22m[2m)[22m[32m 10[2mms[22m[39m
 [32mÔ£ô[39m lib/hooks/use-form-dialog.test.ts [2m([22m[2m1 test[22m[2m)[22m[32m 12[2mms[22m[39m

[31mÔÄ»ÔÄ»ÔÄ»ÔÄ»ÔÄ»ÔÄ»ÔÄ»[39m[1m[41m Failed Tests 3 
[49m[22m[31mÔÄ»ÔÄ»ÔÄ»ÔÄ»ÔÄ»ÔÄ»ÔÄ»[39m

[41m[1m FAIL [22m[49m app/api/properties/properties.test.ts[2m > 
[22mProperties API - POST /api/properties[2m > [22mshould create property 
with valid data
[31m[1mAssertionError[22m: expected [ 200, 201 ] to include 400[39m
[36m [2mÔØ»[22m app/api/properties/properties.test.ts:[2m129:24[22m[39m
    [90m127|[39m
    [90m128|[39m     [35mconst[39m response [33m=[39m [35mawait[39m 
[34mpostProperties[39m(request)[33m;[39m
    [90m129|[39m     [34mexpect[39m([[34m200[39m[33m,[39m [34m201[39m
])[33m.[39m[34mtoContain[39m(response[33m.[39mstatus)[33m;[39m
    [90m   |[39m                        [31m^[39m
    [90m130|[39m   })[33m;[39m
    [90m131|[39m

[31m[2mÔÄ»ÔÄ»ÔÄ»ÔÄ»ÔÄ»ÔÄ»ÔÄ»ÔÄ»ÔÄ»ÔÄ»ÔÄ»ÔÄ»ÔÄ»ÔÄ»ÔÄ»ÔÄ»ÔÄ»ÔÄ»ÔÄ»ÔÄ»ÔÄ»ÔÄ»ÔÄ»Ô
Ä»[1/3]ÔÄ»[22m[39m

[41m[1m FAIL [22m[49m app/api/properties/properties.test.ts[2m > 
[22mProperties API - POST /api/properties[2m > [22mshould return 201 on 
successful creation
[31m[1mAssertionError[22m: expected [ 200, 201 ] to include 400[39m
[36m [2mÔØ»[22m app/api/properties/properties.test.ts:[2m224:24[22m[39m
    [90m222|[39m
    [90m223|[39m     [35mconst[39m response [33m=[39m [35mawait[39m 
[34mpostProperties[39m(request)[33m;[39m
    [90m224|[39m     [34mexpect[39m([[34m200[39m[33m,[39m [34m201[39m
])[33m.[39m[34mtoContain[39m(response[33m.[39mstatus)[33m;[39m
    [90m   |[39m                        [31m^[39m
    [90m225|[39m   })[33m;[39m
    [90m226|[39m })[33m;[39m

[31m[2mÔÄ»ÔÄ»ÔÄ»ÔÄ»ÔÄ»ÔÄ»ÔÄ»ÔÄ»ÔÄ»ÔÄ»ÔÄ»ÔÄ»ÔÄ»ÔÄ»ÔÄ»ÔÄ»ÔÄ»ÔÄ»ÔÄ»ÔÄ»ÔÄ»ÔÄ»ÔÄ»Ô
Ä»[2/3]ÔÄ»[22m[39m

[41m[1m FAIL [22m[49m app/api/tenants/tenants.test.ts[2m > [22mTenants 
API - POST /api/tenants[2m > [22mshould validate rent is positive
[31m[1mAssertionError[22m: expected [ 400, 422 ] to include 201[39m
[36m [2mÔØ»[22m app/api/tenants/tenants.test.ts:[2m204:24[22m[39m
    [90m202|[39m
    [90m203|[39m     [35mconst[39m response [33m=[39m [35mawait[39m 
[34mpostTenants[39m(request)[33m;[39m
    [90m204|[39m     [34mexpect[39m([[34m400[39m[33m,[39m [34m422[39m
])[33m.[39m[34mtoContain[39m(response[33m.[39mstatus)[33m;[39m
    [90m   |[39m                        [31m^[39m
    [90m205|[39m   })[33m;[39m
    [90m206|[39m

[31m[2mÔÄ»ÔÄ»ÔÄ»ÔÄ»ÔÄ»ÔÄ»ÔÄ»ÔÄ»ÔÄ»ÔÄ»ÔÄ»ÔÄ»ÔÄ»ÔÄ»ÔÄ»ÔÄ»ÔÄ»ÔÄ»ÔÄ»ÔÄ»ÔÄ»ÔÄ»ÔÄ»Ô
Ä»[3/3]ÔÄ»[22m[39m


[2m Test Files [22m [1m[31m2 failed[39m[22m[2m | [22m[1m[32m49 passed[39m[22m[90m (51)[39m
[2m      Tests [22m [1m[31m3 failed[39m[22m[2m | [22m[1m[32m497 passed[39m[22m[2m | [22m[33m6 skipped[39m[90m (506)[39m
[2m   Start at [22m 15:15:10
[2m   Duration [22m 71.75s[2m (transform 12.08s, setup 88.95s, import 108.75s, tests 14.48s, environment 470.53s)[22m

